<?xml version="1.0" encoding="ISO-8859-1" ?>
<link_info>
   <banner>MSP430 Linker PC v21.6.1.LTS</banner>
   <copyright>Copyright (c) 2003-2018 Texas Instruments Incorporated</copyright>
   <link_time>0x63c37df5</link_time>
   <link_errors>0x0</link_errors>
   <output_file>Machine1.out</output_file>
   <entry_point>
      <name>_c_int00_noargs</name>
      <address>0xd8ca</address>
   </entry_point>
   <input_file_list>
      <input_file id="fl-2">
         <path>.\</path>
         <kind>object</kind>
         <file>main.obj</file>
         <name>main.obj</name>
      </input_file>
      <input_file id="fl-7">
         <kind>object</kind>
         <file>&lt;internal&gt;</file>
         <name>&lt;internal&gt;</name>
      </input_file>
      <input_file id="fl-1d">
         <path>D:\Texas Instruments\ccs\tools\compiler\ti-cgt-msp430_21.6.1.LTS\lib\</path>
         <kind>archive</kind>
         <file>rts430_eabi.lib</file>
         <name>s_floor.c.obj</name>
      </input_file>
      <input_file id="fl-1e">
         <path>D:\Texas Instruments\ccs\tools\compiler\ti-cgt-msp430_21.6.1.LTS\lib\</path>
         <kind>archive</kind>
         <file>rts430_eabi.lib</file>
         <name>asr16.asm.obj</name>
      </input_file>
      <input_file id="fl-1f">
         <path>D:\Texas Instruments\ccs\tools\compiler\ti-cgt-msp430_21.6.1.LTS\lib\</path>
         <kind>archive</kind>
         <file>rts430_eabi.lib</file>
         <name>asr32.asm.obj</name>
      </input_file>
      <input_file id="fl-20">
         <path>D:\Texas Instruments\ccs\tools\compiler\ti-cgt-msp430_21.6.1.LTS\lib\</path>
         <kind>archive</kind>
         <file>rts430_eabi.lib</file>
         <name>epilog.asm.obj</name>
      </input_file>
      <input_file id="fl-21">
         <path>D:\Texas Instruments\ccs\tools\compiler\ti-cgt-msp430_21.6.1.LTS\lib\</path>
         <kind>archive</kind>
         <file>rts430_eabi.lib</file>
         <name>fs_div.asm.obj</name>
      </input_file>
      <input_file id="fl-22">
         <path>D:\Texas Instruments\ccs\tools\compiler\ti-cgt-msp430_21.6.1.LTS\lib\</path>
         <kind>archive</kind>
         <file>rts430_eabi.lib</file>
         <name>fs_itof.asm.obj</name>
      </input_file>
      <input_file id="fl-23">
         <path>D:\Texas Instruments\ccs\tools\compiler\ti-cgt-msp430_21.6.1.LTS\lib\</path>
         <kind>archive</kind>
         <file>rts430_eabi.lib</file>
         <name>fs_tou.asm.obj</name>
      </input_file>
      <input_file id="fl-24">
         <path>D:\Texas Instruments\ccs\tools\compiler\ti-cgt-msp430_21.6.1.LTS\lib\</path>
         <kind>archive</kind>
         <file>rts430_eabi.lib</file>
         <name>int00.asm.obj</name>
      </input_file>
      <input_file id="fl-25">
         <path>D:\Texas Instruments\ccs\tools\compiler\ti-cgt-msp430_21.6.1.LTS\lib\</path>
         <kind>archive</kind>
         <file>rts430_eabi.lib</file>
         <name>int02.asm.obj</name>
      </input_file>
      <input_file id="fl-26">
         <path>D:\Texas Instruments\ccs\tools\compiler\ti-cgt-msp430_21.6.1.LTS\lib\</path>
         <kind>archive</kind>
         <file>rts430_eabi.lib</file>
         <name>int03.asm.obj</name>
      </input_file>
      <input_file id="fl-27">
         <path>D:\Texas Instruments\ccs\tools\compiler\ti-cgt-msp430_21.6.1.LTS\lib\</path>
         <kind>archive</kind>
         <file>rts430_eabi.lib</file>
         <name>int06.asm.obj</name>
      </input_file>
      <input_file id="fl-28">
         <path>D:\Texas Instruments\ccs\tools\compiler\ti-cgt-msp430_21.6.1.LTS\lib\</path>
         <kind>archive</kind>
         <file>rts430_eabi.lib</file>
         <name>int07.asm.obj</name>
      </input_file>
      <input_file id="fl-29">
         <path>D:\Texas Instruments\ccs\tools\compiler\ti-cgt-msp430_21.6.1.LTS\lib\</path>
         <kind>archive</kind>
         <file>rts430_eabi.lib</file>
         <name>int08.asm.obj</name>
      </input_file>
      <input_file id="fl-2a">
         <path>D:\Texas Instruments\ccs\tools\compiler\ti-cgt-msp430_21.6.1.LTS\lib\</path>
         <kind>archive</kind>
         <file>rts430_eabi.lib</file>
         <name>int09.asm.obj</name>
      </input_file>
      <input_file id="fl-2b">
         <path>D:\Texas Instruments\ccs\tools\compiler\ti-cgt-msp430_21.6.1.LTS\lib\</path>
         <kind>archive</kind>
         <file>rts430_eabi.lib</file>
         <name>int10.asm.obj</name>
      </input_file>
      <input_file id="fl-2c">
         <path>D:\Texas Instruments\ccs\tools\compiler\ti-cgt-msp430_21.6.1.LTS\lib\</path>
         <kind>archive</kind>
         <file>rts430_eabi.lib</file>
         <name>int11.asm.obj</name>
      </input_file>
      <input_file id="fl-2d">
         <path>D:\Texas Instruments\ccs\tools\compiler\ti-cgt-msp430_21.6.1.LTS\lib\</path>
         <kind>archive</kind>
         <file>rts430_eabi.lib</file>
         <name>int13.asm.obj</name>
      </input_file>
      <input_file id="fl-2e">
         <path>D:\Texas Instruments\ccs\tools\compiler\ti-cgt-msp430_21.6.1.LTS\lib\</path>
         <kind>archive</kind>
         <file>rts430_eabi.lib</file>
         <name>int14.asm.obj</name>
      </input_file>
      <input_file id="fl-2f">
         <path>D:\Texas Instruments\ccs\tools\compiler\ti-cgt-msp430_21.6.1.LTS\lib\</path>
         <kind>archive</kind>
         <file>rts430_eabi.lib</file>
         <name>isr_trap.asm.obj</name>
      </input_file>
      <input_file id="fl-30">
         <path>D:\Texas Instruments\ccs\tools\compiler\ti-cgt-msp430_21.6.1.LTS\lib\</path>
         <kind>archive</kind>
         <file>rts430_eabi.lib</file>
         <name>lsl16.asm.obj</name>
      </input_file>
      <input_file id="fl-31">
         <path>D:\Texas Instruments\ccs\tools\compiler\ti-cgt-msp430_21.6.1.LTS\lib\</path>
         <kind>archive</kind>
         <file>rts430_eabi.lib</file>
         <name>lsl32.asm.obj</name>
      </input_file>
      <input_file id="fl-32">
         <path>D:\Texas Instruments\ccs\tools\compiler\ti-cgt-msp430_21.6.1.LTS\lib\</path>
         <kind>archive</kind>
         <file>rts430_eabi.lib</file>
         <name>lsr16.asm.obj</name>
      </input_file>
      <input_file id="fl-33">
         <path>D:\Texas Instruments\ccs\tools\compiler\ti-cgt-msp430_21.6.1.LTS\lib\</path>
         <kind>archive</kind>
         <file>rts430_eabi.lib</file>
         <name>lsr32.asm.obj</name>
      </input_file>
      <input_file id="fl-34">
         <path>D:\Texas Instruments\ccs\tools\compiler\ti-cgt-msp430_21.6.1.LTS\lib\</path>
         <kind>archive</kind>
         <file>rts430_eabi.lib</file>
         <name>boot.c.obj</name>
      </input_file>
      <input_file id="fl-35">
         <path>D:\Texas Instruments\ccs\tools\compiler\ti-cgt-msp430_21.6.1.LTS\lib\</path>
         <kind>archive</kind>
         <file>rts430_eabi.lib</file>
         <name>autoinit.c.obj</name>
      </input_file>
      <input_file id="fl-36">
         <path>D:\Texas Instruments\ccs\tools\compiler\ti-cgt-msp430_21.6.1.LTS\lib\</path>
         <kind>archive</kind>
         <file>rts430_eabi.lib</file>
         <name>copy_zero_init.c.obj</name>
      </input_file>
      <input_file id="fl-37">
         <path>D:\Texas Instruments\ccs\tools\compiler\ti-cgt-msp430_21.6.1.LTS\lib\</path>
         <kind>archive</kind>
         <file>rts430_eabi.lib</file>
         <name>cpy_tbl.c.obj</name>
      </input_file>
      <input_file id="fl-38">
         <path>D:\Texas Instruments\ccs\tools\compiler\ti-cgt-msp430_21.6.1.LTS\lib\</path>
         <kind>archive</kind>
         <file>rts430_eabi.lib</file>
         <name>mpu_init.c.obj</name>
      </input_file>
      <input_file id="fl-39">
         <path>D:\Texas Instruments\ccs\tools\compiler\ti-cgt-msp430_21.6.1.LTS\lib\</path>
         <kind>archive</kind>
         <file>rts430_eabi.lib</file>
         <name>lsr64.c.obj</name>
      </input_file>
      <input_file id="fl-3a">
         <path>D:\Texas Instruments\ccs\tools\compiler\ti-cgt-msp430_21.6.1.LTS\lib\</path>
         <kind>archive</kind>
         <file>rts430_eabi.lib</file>
         <name>pre_init.c.obj</name>
      </input_file>
      <input_file id="fl-3b">
         <path>D:\Texas Instruments\ccs\tools\compiler\ti-cgt-msp430_21.6.1.LTS\lib\</path>
         <kind>archive</kind>
         <file>rts430_eabi.lib</file>
         <name>startup.c.obj</name>
      </input_file>
      <input_file id="fl-3c">
         <path>D:\Texas Instruments\ccs\tools\compiler\ti-cgt-msp430_21.6.1.LTS\lib\</path>
         <kind>archive</kind>
         <file>rts430_eabi.lib</file>
         <name>copy_decompress_none.c.obj</name>
      </input_file>
      <input_file id="fl-3d">
         <path>D:\Texas Instruments\ccs\tools\compiler\ti-cgt-msp430_21.6.1.LTS\lib\</path>
         <kind>archive</kind>
         <file>rts430_eabi.lib</file>
         <name>copy_decompress_lzss.c.obj</name>
      </input_file>
      <input_file id="fl-3e">
         <path>D:\Texas Instruments\ccs\tools\compiler\ti-cgt-msp430_21.6.1.LTS\lib\</path>
         <kind>archive</kind>
         <file>rts430_eabi.lib</file>
         <name>cvtdf.c.obj</name>
      </input_file>
      <input_file id="fl-3f">
         <path>D:\Texas Instruments\ccs\tools\compiler\ti-cgt-msp430_21.6.1.LTS\lib\</path>
         <kind>archive</kind>
         <file>rts430_eabi.lib</file>
         <name>addd.c.obj</name>
      </input_file>
      <input_file id="fl-40">
         <path>D:\Texas Instruments\ccs\tools\compiler\ti-cgt-msp430_21.6.1.LTS\lib\</path>
         <kind>archive</kind>
         <file>rts430_eabi.lib</file>
         <name>cmpd.c.obj</name>
      </input_file>
      <input_file id="fl-41">
         <path>D:\Texas Instruments\ccs\tools\compiler\ti-cgt-msp430_21.6.1.LTS\lib\</path>
         <kind>archive</kind>
         <file>rts430_eabi.lib</file>
         <name>cvtfd.c.obj</name>
      </input_file>
      <input_file id="fl-42">
         <path>D:\Texas Instruments\ccs\tools\compiler\ti-cgt-msp430_21.6.1.LTS\lib\</path>
         <kind>archive</kind>
         <file>rts430_eabi.lib</file>
         <name>fixdi.c.obj</name>
      </input_file>
      <input_file id="fl-43">
         <path>D:\Texas Instruments\ccs\tools\compiler\ti-cgt-msp430_21.6.1.LTS\lib\</path>
         <kind>archive</kind>
         <file>rts430_eabi.lib</file>
         <name>fixdli.c.obj</name>
      </input_file>
      <input_file id="fl-44">
         <path>D:\Texas Instruments\ccs\tools\compiler\ti-cgt-msp430_21.6.1.LTS\lib\</path>
         <kind>archive</kind>
         <file>rts430_eabi.lib</file>
         <name>fltud.c.obj</name>
      </input_file>
      <input_file id="fl-45">
         <path>D:\Texas Instruments\ccs\tools\compiler\ti-cgt-msp430_21.6.1.LTS\lib\</path>
         <kind>archive</kind>
         <file>rts430_eabi.lib</file>
         <name>fltuld.c.obj</name>
      </input_file>
      <input_file id="fl-46">
         <path>D:\Texas Instruments\ccs\tools\compiler\ti-cgt-msp430_21.6.1.LTS\lib\</path>
         <kind>archive</kind>
         <file>rts430_eabi.lib</file>
         <name>mpyd.c.obj</name>
      </input_file>
      <input_file id="fl-47">
         <path>D:\Texas Instruments\ccs\tools\compiler\ti-cgt-msp430_21.6.1.LTS\lib\</path>
         <kind>archive</kind>
         <file>rts430_eabi.lib</file>
         <name>exit.c.obj</name>
      </input_file>
      <input_file id="fl-48">
         <path>D:\Texas Instruments\ccs\tools\compiler\ti-cgt-msp430_21.6.1.LTS\lib\</path>
         <kind>archive</kind>
         <file>rts430_eabi.lib</file>
         <name>_lock.c.obj</name>
      </input_file>
      <input_file id="fl-49">
         <path>D:\Texas Instruments\ccs\tools\compiler\ti-cgt-msp430_21.6.1.LTS\lib\</path>
         <kind>archive</kind>
         <file>rts430_eabi.lib</file>
         <name>args_main.c.obj</name>
      </input_file>
      <input_file id="fl-4a">
         <path>D:\Texas Instruments\ccs\tools\compiler\ti-cgt-msp430_21.6.1.LTS\lib\</path>
         <kind>archive</kind>
         <file>rts430_eabi.lib</file>
         <name>memcpy.c.obj</name>
      </input_file>
      <input_file id="fl-4b">
         <path>D:\Texas Instruments\ccs\tools\compiler\ti-cgt-msp430_21.6.1.LTS\lib\</path>
         <kind>archive</kind>
         <file>rts430_eabi.lib</file>
         <name>mult16.asm.obj</name>
      </input_file>
      <input_file id="fl-4c">
         <path>D:\Texas Instruments\ccs\tools\compiler\ti-cgt-msp430_21.6.1.LTS\lib\</path>
         <kind>archive</kind>
         <file>rts430_eabi.lib</file>
         <name>exit_gvars.c.obj</name>
      </input_file>
      <input_file id="fl-4d">
         <path>D:\Texas Instruments\ccs\tools\compiler\ti-cgt-msp430_21.6.1.LTS\lib\</path>
         <kind>archive</kind>
         <file>rts430_eabi.lib</file>
         <name>asr64.c.obj</name>
      </input_file>
      <input_file id="fl-4e">
         <path>D:\Texas Instruments\ccs\tools\compiler\ti-cgt-msp430_21.6.1.LTS\lib\</path>
         <kind>archive</kind>
         <file>rts430_eabi.lib</file>
         <name>lsl64.c.obj</name>
      </input_file>
      <input_file id="fl-4f">
         <path>D:\Texas Instruments\ccs\tools\compiler\ti-cgt-msp430_21.6.1.LTS\lib\</path>
         <kind>archive</kind>
         <file>rts430_eabi.lib</file>
         <name>frcmpyd.c.obj</name>
      </input_file>
      <input_file id="fl-50">
         <path>D:\Texas Instruments\ccs\tools\compiler\ti-cgt-msp430_21.6.1.LTS\lib\</path>
         <kind>archive</kind>
         <file>rts430_eabi.lib</file>
         <name>mult3264.asm.obj</name>
      </input_file>
      <input_file id="fl-51">
         <path>D:\Texas Instruments\ccs\tools\compiler\ti-cgt-msp430_21.6.1.LTS\lib\</path>
         <kind>archive</kind>
         <file>rts430_eabi.lib</file>
         <name>mult64.asm.obj</name>
      </input_file>
      <input_file id="fl-52">
         <path>D:\Texas Instruments\ccs\tools\compiler\ti-cgt-msp430_21.6.1.LTS\lib\</path>
         <kind>archive</kind>
         <file>rts430_eabi.lib</file>
         <name>mult1632.asm.obj</name>
      </input_file>
      <input_file id="fl-53">
         <path>D:\Texas Instruments\ccs\tools\compiler\ti-cgt-msp430_21.6.1.LTS\lib\</path>
         <kind>archive</kind>
         <file>rts430_eabi.lib</file>
         <name>mult32.asm.obj</name>
      </input_file>
   </input_file_list>
   <object_component_list>
      <object_component id="oc-197">
         <name>.common:uart_tx</name>
         <uninitialized>true</uninitialized>
         <run_address>0x220</run_address>
         <size>0x4</size>
      </object_component>
      <object_component id="oc-147">
         <name>.common:temp</name>
         <uninitialized>true</uninitialized>
         <run_address>0x21c</run_address>
         <size>0x4</size>
      </object_component>
      <object_component id="oc-14f">
         <name>.common:diff</name>
         <uninitialized>true</uninitialized>
         <run_address>0x214</run_address>
         <size>0x4</size>
      </object_component>
      <object_component id="oc-1c7">
         <name>.common:dst_int</name>
         <uninitialized>true</uninitialized>
         <run_address>0x224</run_address>
         <size>0x2</size>
      </object_component>
      <object_component id="oc-1b4">
         <name>.common:distance</name>
         <uninitialized>true</uninitialized>
         <run_address>0x218</run_address>
         <size>0x4</size>
      </object_component>
      <object_component id="oc-144">
         <name>.data</name>
         <load_address>0x210</load_address>
         <run_address>0x210</run_address>
         <size>0x4</size>
         <input_file_ref idref="fl-2"/>
      </object_component>
      <object_component id="oc-1c8">
         <name>.data:key</name>
         <load_address>0x200</load_address>
         <run_address>0x200</run_address>
         <size>0x10</size>
         <input_file_ref idref="fl-2"/>
      </object_component>
      <object_component id="oc-b1">
         <name>.stack</name>
         <uninitialized>true</uninitialized>
         <run_address>0x3b0</run_address>
         <size>0x2</size>
         <input_file_ref idref="fl-34"/>
      </object_component>
      <object_component id="oc-373">
         <name>.stack</name>
         <uninitialized>true</uninitialized>
         <run_address>0x3b0</run_address>
         <size>0x0</size>
      </object_component>
      <object_component id="oc-250">
         <name>.text:__mspabi_addd</name>
         <load_address>0xc000</load_address>
         <run_address>0xc000</run_address>
         <size>0x736</size>
         <input_file_ref idref="fl-3f"/>
      </object_component>
      <object_component id="oc-19e">
         <name>.text:__mspabi_mpyd</name>
         <load_address>0xc736</load_address>
         <run_address>0xc736</run_address>
         <size>0x2c0</size>
         <input_file_ref idref="fl-46"/>
      </object_component>
      <object_component id="oc-1bb">
         <name>.text:floor</name>
         <load_address>0xc9f6</load_address>
         <run_address>0xc9f6</run_address>
         <size>0x1d0</size>
         <input_file_ref idref="fl-1d"/>
      </object_component>
      <object_component id="oc-229">
         <name>.text:__TI_frcmpyd</name>
         <load_address>0xcbc6</load_address>
         <run_address>0xcbc6</run_address>
         <size>0x172</size>
         <input_file_ref idref="fl-4f"/>
      </object_component>
      <object_component id="oc-15f">
         <name>.text:main</name>
         <load_address>0xcd38</load_address>
         <run_address>0xcd38</run_address>
         <size>0x12e</size>
         <input_file_ref idref="fl-2"/>
      </object_component>
      <object_component id="oc-1cb">
         <name>.text:xtea_encrypt</name>
         <load_address>0xce66</load_address>
         <run_address>0xce66</run_address>
         <size>0x116</size>
         <input_file_ref idref="fl-2"/>
      </object_component>
      <object_component id="oc-2b4">
         <name>.text:__mpyll</name>
         <load_address>0xcf7c</load_address>
         <run_address>0xcf7c</run_address>
         <size>0x114</size>
         <input_file_ref idref="fl-51"/>
      </object_component>
      <object_component id="oc-25b">
         <name>.text:__mspabi_cmpd</name>
         <load_address>0xd090</load_address>
         <run_address>0xd090</run_address>
         <size>0xdc</size>
         <input_file_ref idref="fl-40"/>
      </object_component>
      <object_component id="oc-1a4">
         <name>.text:__mspabi_cvtdf</name>
         <load_address>0xd16c</load_address>
         <run_address>0xd16c</run_address>
         <size>0xb4</size>
         <input_file_ref idref="fl-3e"/>
      </object_component>
      <object_component id="oc-1af">
         <name>.text</name>
         <load_address>0xd220</load_address>
         <run_address>0xd220</run_address>
         <size>0x9c</size>
         <input_file_ref idref="fl-21"/>
      </object_component>
      <object_component id="oc-21d">
         <name>.text:__mspabi_fltuld</name>
         <load_address>0xd2bc</load_address>
         <run_address>0xd2bc</run_address>
         <size>0x8a</size>
         <input_file_ref idref="fl-45"/>
      </object_component>
      <object_component id="oc-34">
         <name>.text:decompress:lzss:__TI_decompress_lzss</name>
         <load_address>0xd346</load_address>
         <run_address>0xd346</run_address>
         <size>0x7c</size>
         <input_file_ref idref="fl-3d"/>
      </object_component>
      <object_component id="oc-268">
         <name>.text:__mspabi_fixdli</name>
         <load_address>0xd3c2</load_address>
         <run_address>0xd3c2</run_address>
         <size>0x72</size>
         <input_file_ref idref="fl-43"/>
      </object_component>
      <object_component id="oc-1b5">
         <name>.text:__mspabi_cvtfd</name>
         <load_address>0xd434</load_address>
         <run_address>0xd434</run_address>
         <size>0x70</size>
         <input_file_ref idref="fl-41"/>
      </object_component>
      <object_component id="oc-e7">
         <name>.text:Timer_A</name>
         <load_address>0xd4a4</load_address>
         <run_address>0xd4a4</run_address>
         <size>0x5c</size>
         <input_file_ref idref="fl-2"/>
      </object_component>
      <object_component id="oc-271">
         <name>.text:l_lsr_const</name>
         <load_address>0xd500</load_address>
         <run_address>0xd500</run_address>
         <size>0x5c</size>
         <input_file_ref idref="fl-33"/>
      </object_component>
      <object_component id="oc-ba">
         <name>.text</name>
         <load_address>0xd55c</load_address>
         <run_address>0xd55c</run_address>
         <size>0x4c</size>
         <input_file_ref idref="fl-32"/>
      </object_component>
      <object_component id="oc-2ce">
         <name>.text:__mspabi_srall</name>
         <load_address>0xd5a8</load_address>
         <run_address>0xd5a8</run_address>
         <size>0x4a</size>
         <input_file_ref idref="fl-4d"/>
      </object_component>
      <object_component id="oc-2be">
         <name>.text:__mspabi_srlll</name>
         <load_address>0xd5f2</load_address>
         <run_address>0xd5f2</run_address>
         <size>0x46</size>
         <input_file_ref idref="fl-39"/>
      </object_component>
      <object_component id="oc-1aa">
         <name>.text</name>
         <load_address>0xd638</load_address>
         <run_address>0xd638</run_address>
         <size>0x46</size>
         <input_file_ref idref="fl-23"/>
      </object_component>
      <object_component id="oc-2ae">
         <name>.text:__mspabi_sllll</name>
         <load_address>0xd67e</load_address>
         <run_address>0xd67e</run_address>
         <size>0x44</size>
         <input_file_ref idref="fl-4e"/>
      </object_component>
      <object_component id="oc-1e4">
         <name>.text:__TI_auto_init_nobinit_nopinit:__TI_auto_init_nobinit_nopinit</name>
         <load_address>0xd6c2</load_address>
         <run_address>0xd6c2</run_address>
         <size>0x42</size>
         <input_file_ref idref="fl-35"/>
      </object_component>
      <object_component id="oc-23f">
         <name>.text:l_asr_const</name>
         <load_address>0xd704</load_address>
         <run_address>0xd704</run_address>
         <size>0x3e</size>
         <input_file_ref idref="fl-1f"/>
      </object_component>
      <object_component id="oc-236">
         <name>.text:l_lsl_const</name>
         <load_address>0xd742</load_address>
         <run_address>0xd742</run_address>
         <size>0x3e</size>
         <input_file_ref idref="fl-31"/>
      </object_component>
      <object_component id="oc-14a">
         <name>.text</name>
         <load_address>0xd780</load_address>
         <run_address>0xd780</run_address>
         <size>0x36</size>
         <input_file_ref idref="fl-22"/>
      </object_component>
      <object_component id="oc-1d1">
         <name>.text:send_uart_char</name>
         <load_address>0xd7b6</load_address>
         <run_address>0xd7b6</run_address>
         <size>0x2e</size>
         <input_file_ref idref="fl-2"/>
      </object_component>
      <object_component id="oc-224">
         <name>.text</name>
         <load_address>0xd7e4</load_address>
         <run_address>0xd7e4</run_address>
         <size>0x2c</size>
         <input_file_ref idref="fl-1e"/>
      </object_component>
      <object_component id="oc-b5">
         <name>.text</name>
         <load_address>0xd810</load_address>
         <run_address>0xd810</run_address>
         <size>0x2c</size>
         <input_file_ref idref="fl-30"/>
      </object_component>
      <object_component id="oc-1c1">
         <name>.text:__mspabi_fixdi</name>
         <load_address>0xd83c</load_address>
         <run_address>0xd83c</run_address>
         <size>0x28</size>
         <input_file_ref idref="fl-42"/>
      </object_component>
      <object_component id="oc-311">
         <name>.text</name>
         <load_address>0xd864</load_address>
         <run_address>0xd864</run_address>
         <size>0x26</size>
         <input_file_ref idref="fl-53"/>
      </object_component>
      <object_component id="oc-316">
         <name>.text:__mpyul</name>
         <load_address>0xd88a</load_address>
         <run_address>0xd88a</run_address>
         <size>0x22</size>
         <input_file_ref idref="fl-52"/>
      </object_component>
      <object_component id="oc-2b9">
         <name>.text:__mpyull</name>
         <load_address>0xd8ac</load_address>
         <run_address>0xd8ac</run_address>
         <size>0x1e</size>
         <input_file_ref idref="fl-50"/>
      </object_component>
      <object_component id="oc-ff">
         <name>.text:_c_int00_noargs</name>
         <load_address>0xd8ca</load_address>
         <run_address>0xd8ca</run_address>
         <size>0x1c</size>
         <input_file_ref idref="fl-34"/>
      </object_component>
      <object_component id="oc-191">
         <name>.text:a5_init</name>
         <load_address>0xd8e6</load_address>
         <run_address>0xd8e6</run_address>
         <size>0x18</size>
         <input_file_ref idref="fl-2"/>
      </object_component>
      <object_component id="oc-ed">
         <name>.text:decompress:ZI:__TI_zero_init_nomemset:__TI_zero_init_nomemset</name>
         <load_address>0xd8fe</load_address>
         <run_address>0xd8fe</run_address>
         <size>0x14</size>
         <input_file_ref idref="fl-36"/>
      </object_component>
      <object_component id="oc-3a">
         <name>.text:decompress:none:__TI_decompress_none</name>
         <load_address>0xd912</load_address>
         <run_address>0xd912</run_address>
         <size>0x12</size>
         <input_file_ref idref="fl-3c"/>
      </object_component>
      <object_component id="oc-24b">
         <name>.text:l_lsr</name>
         <load_address>0xd924</load_address>
         <run_address>0xd924</run_address>
         <size>0x12</size>
         <input_file_ref idref="fl-33"/>
      </object_component>
      <object_component id="oc-cf">
         <name>.text:memcpy</name>
         <load_address>0xd936</load_address>
         <run_address>0xd936</run_address>
         <size>0x12</size>
         <input_file_ref idref="fl-4a"/>
      </object_component>
      <object_component id="oc-256">
         <name>.text:l_asr</name>
         <load_address>0xd948</load_address>
         <run_address>0xd948</run_address>
         <size>0x10</size>
         <input_file_ref idref="fl-1f"/>
      </object_component>
      <object_component id="oc-bf">
         <name>.text</name>
         <load_address>0xd958</load_address>
         <run_address>0xd958</run_address>
         <size>0x10</size>
         <input_file_ref idref="fl-20"/>
      </object_component>
      <object_component id="oc-dc">
         <name>.text:_isr:__TI_ISR_TRAP</name>
         <load_address>0xd968</load_address>
         <run_address>0xd968</run_address>
         <size>0x8</size>
         <input_file_ref idref="fl-2f"/>
      </object_component>
      <object_component id="oc-198">
         <name>.text:__mspabi_fltud</name>
         <load_address>0xd970</load_address>
         <run_address>0xd970</run_address>
         <size>0x6</size>
         <input_file_ref idref="fl-44"/>
      </object_component>
      <object_component id="oc-1d8">
         <name>.text:abort</name>
         <load_address>0xd976</load_address>
         <run_address>0xd976</run_address>
         <size>0x6</size>
         <input_file_ref idref="fl-47"/>
      </object_component>
      <object_component id="oc-159">
         <name>.text:_system_pre_init</name>
         <load_address>0xd97c</load_address>
         <run_address>0xd97c</run_address>
         <size>0x4</size>
         <input_file_ref idref="fl-3a"/>
      </object_component>
      <object_component id="oc-e1">
         <name>.text:ADC10_ISR</name>
         <load_address>0xd980</load_address>
         <run_address>0xd980</run_address>
         <size>0x2</size>
         <input_file_ref idref="fl-2"/>
      </object_component>
      <object_component id="oc-28a">
         <name>.text:_system_post_cinit</name>
         <load_address>0xd982</load_address>
         <run_address>0xd982</run_address>
         <size>0x2</size>
         <input_file_ref idref="fl-3b"/>
      </object_component>
      <object_component id="oc-372">
         <name>.cinit..data.load</name>
         <load_address>0xd984</load_address>
         <run_address>0xd984</run_address>
         <size>0x18</size>
      </object_component>
      <object_component id="oc-36f">
         <name>__TI_handler_table</name>
         <load_address>0xd99c</load_address>
         <run_address>0xd99c</run_address>
         <size>0x6</size>
      </object_component>
      <object_component id="oc-371">
         <name>.cinit..bss.load</name>
         <load_address>0xd9a2</load_address>
         <run_address>0xd9a2</run_address>
         <size>0x4</size>
      </object_component>
      <object_component id="oc-370">
         <name>__TI_cinit_table</name>
         <load_address>0xd9a6</load_address>
         <run_address>0xd9a6</run_address>
         <size>0x8</size>
      </object_component>
      <object_component id="oc-331">
         <name>.binit</name>
         <load_address>0xc000</load_address>
         <run_address>0xc000</run_address>
         <size>0x0</size>
      </object_component>
      <object_component id="oc-40">
         <name>.int00</name>
         <load_address>0xffe0</load_address>
         <run_address>0xffe0</run_address>
         <size>0x2</size>
         <input_file_ref idref="fl-24"/>
      </object_component>
      <object_component id="oc-41">
         <name>.int02</name>
         <load_address>0xffe4</load_address>
         <run_address>0xffe4</run_address>
         <size>0x2</size>
         <input_file_ref idref="fl-25"/>
      </object_component>
      <object_component id="oc-42">
         <name>.int03</name>
         <load_address>0xffe6</load_address>
         <run_address>0xffe6</run_address>
         <size>0x2</size>
         <input_file_ref idref="fl-26"/>
      </object_component>
      <object_component id="oc-43">
         <name>.int05</name>
         <load_address>0xffea</load_address>
         <run_address>0xffea</run_address>
         <size>0x2</size>
         <input_file_ref idref="fl-2"/>
      </object_component>
      <object_component id="oc-44">
         <name>.int06</name>
         <load_address>0xffec</load_address>
         <run_address>0xffec</run_address>
         <size>0x2</size>
         <input_file_ref idref="fl-27"/>
      </object_component>
      <object_component id="oc-45">
         <name>.int07</name>
         <load_address>0xffee</load_address>
         <run_address>0xffee</run_address>
         <size>0x2</size>
         <input_file_ref idref="fl-28"/>
      </object_component>
      <object_component id="oc-46">
         <name>.int08</name>
         <load_address>0xfff0</load_address>
         <run_address>0xfff0</run_address>
         <size>0x2</size>
         <input_file_ref idref="fl-29"/>
      </object_component>
      <object_component id="oc-47">
         <name>.int09</name>
         <load_address>0xfff2</load_address>
         <run_address>0xfff2</run_address>
         <size>0x2</size>
         <input_file_ref idref="fl-2a"/>
      </object_component>
      <object_component id="oc-48">
         <name>.int10</name>
         <load_address>0xfff4</load_address>
         <run_address>0xfff4</run_address>
         <size>0x2</size>
         <input_file_ref idref="fl-2b"/>
      </object_component>
      <object_component id="oc-49">
         <name>.int11</name>
         <load_address>0xfff6</load_address>
         <run_address>0xfff6</run_address>
         <size>0x2</size>
         <input_file_ref idref="fl-2c"/>
      </object_component>
      <object_component id="oc-4a">
         <name>.int12</name>
         <load_address>0xfff8</load_address>
         <run_address>0xfff8</run_address>
         <size>0x2</size>
         <input_file_ref idref="fl-2"/>
      </object_component>
      <object_component id="oc-4b">
         <name>.int13</name>
         <load_address>0xfffa</load_address>
         <run_address>0xfffa</run_address>
         <size>0x2</size>
         <input_file_ref idref="fl-2d"/>
      </object_component>
      <object_component id="oc-4c">
         <name>.int14</name>
         <load_address>0xfffc</load_address>
         <run_address>0xfffc</run_address>
         <size>0x2</size>
         <input_file_ref idref="fl-2e"/>
      </object_component>
      <object_component id="oc-b4">
         <name>.reset</name>
         <load_address>0xfffe</load_address>
         <run_address>0xfffe</run_address>
         <size>0x2</size>
         <input_file_ref idref="fl-34"/>
      </object_component>
      <object_component id="oc-148">
         <name>.debug_info</name>
         <load_address>0x0</load_address>
         <run_address>0x0</run_address>
         <size>0x63d</size>
         <input_file_ref idref="fl-2"/>
      </object_component>
      <object_component id="oc-145">
         <name>.debug_info</name>
         <load_address>0x63d</load_address>
         <run_address>0x63d</run_address>
         <size>0xca</size>
         <input_file_ref idref="fl-2"/>
      </object_component>
      <object_component id="oc-1c9">
         <name>.debug_info</name>
         <load_address>0x707</load_address>
         <run_address>0x707</run_address>
         <size>0xb5</size>
         <input_file_ref idref="fl-2"/>
      </object_component>
      <object_component id="oc-1cc">
         <name>.debug_info</name>
         <load_address>0x7bc</load_address>
         <run_address>0x7bc</run_address>
         <size>0x1cf</size>
         <input_file_ref idref="fl-2"/>
      </object_component>
      <object_component id="oc-1d2">
         <name>.debug_info</name>
         <load_address>0x98b</load_address>
         <run_address>0x98b</run_address>
         <size>0x126</size>
         <input_file_ref idref="fl-2"/>
      </object_component>
      <object_component id="oc-193">
         <name>.debug_info</name>
         <load_address>0xab1</load_address>
         <run_address>0xab1</run_address>
         <size>0xe7</size>
         <input_file_ref idref="fl-2"/>
      </object_component>
      <object_component id="oc-161">
         <name>.debug_info</name>
         <load_address>0xb98</load_address>
         <run_address>0xb98</run_address>
         <size>0x1b2</size>
         <input_file_ref idref="fl-2"/>
      </object_component>
      <object_component id="oc-e8">
         <name>.debug_info</name>
         <load_address>0xd4a</load_address>
         <run_address>0xd4a</run_address>
         <size>0xfd</size>
         <input_file_ref idref="fl-2"/>
      </object_component>
      <object_component id="oc-e2">
         <name>.debug_info</name>
         <load_address>0xe47</load_address>
         <run_address>0xe47</run_address>
         <size>0xec</size>
         <input_file_ref idref="fl-2"/>
      </object_component>
      <object_component id="oc-188">
         <name>.debug_info</name>
         <load_address>0xf33</load_address>
         <run_address>0xf33</run_address>
         <size>0x26b</size>
         <input_file_ref idref="fl-2"/>
      </object_component>
      <object_component id="oc-ca">
         <name>.debug_info</name>
         <load_address>0x119e</load_address>
         <run_address>0x119e</run_address>
         <size>0x84</size>
         <input_file_ref idref="fl-2"/>
      </object_component>
      <object_component id="oc-217">
         <name>.debug_info</name>
         <load_address>0x1222</load_address>
         <run_address>0x1222</run_address>
         <size>0x282</size>
         <input_file_ref idref="fl-2"/>
      </object_component>
      <object_component id="oc-267">
         <name>.debug_info</name>
         <load_address>0x14a4</load_address>
         <run_address>0x14a4</run_address>
         <size>0x167</size>
         <input_file_ref idref="fl-1d"/>
      </object_component>
      <object_component id="oc-1be">
         <name>.debug_info</name>
         <load_address>0x160b</load_address>
         <run_address>0x160b</run_address>
         <size>0x265</size>
         <input_file_ref idref="fl-1d"/>
      </object_component>
      <object_component id="oc-2d8">
         <name>.debug_info</name>
         <load_address>0x1870</load_address>
         <run_address>0x1870</run_address>
         <size>0x46</size>
         <input_file_ref idref="fl-1d"/>
      </object_component>
      <object_component id="oc-262">
         <name>.debug_info</name>
         <load_address>0x18b6</load_address>
         <run_address>0x18b6</run_address>
         <size>0x39</size>
         <input_file_ref idref="fl-1d"/>
      </object_component>
      <object_component id="oc-225">
         <name>.debug_info</name>
         <load_address>0x18ef</load_address>
         <run_address>0x18ef</run_address>
         <size>0x120</size>
         <input_file_ref idref="fl-1e"/>
      </object_component>
      <object_component id="oc-258">
         <name>.debug_info</name>
         <load_address>0x1a0f</load_address>
         <run_address>0x1a0f</run_address>
         <size>0x120</size>
         <input_file_ref idref="fl-1f"/>
      </object_component>
      <object_component id="oc-242">
         <name>.debug_info</name>
         <load_address>0x1b2f</load_address>
         <run_address>0x1b2f</run_address>
         <size>0x126</size>
         <input_file_ref idref="fl-1f"/>
      </object_component>
      <object_component id="oc-c2">
         <name>.debug_info</name>
         <load_address>0x1c55</load_address>
         <run_address>0x1c55</run_address>
         <size>0x12e</size>
         <input_file_ref idref="fl-20"/>
      </object_component>
      <object_component id="oc-1b2">
         <name>.debug_info</name>
         <load_address>0x1d83</load_address>
         <run_address>0x1d83</run_address>
         <size>0x121</size>
         <input_file_ref idref="fl-21"/>
      </object_component>
      <object_component id="oc-14d">
         <name>.debug_info</name>
         <load_address>0x1ea4</load_address>
         <run_address>0x1ea4</run_address>
         <size>0x12a</size>
         <input_file_ref idref="fl-22"/>
      </object_component>
      <object_component id="oc-1ab">
         <name>.debug_info</name>
         <load_address>0x1fce</load_address>
         <run_address>0x1fce</run_address>
         <size>0x12f</size>
         <input_file_ref idref="fl-23"/>
      </object_component>
      <object_component id="oc-de">
         <name>.debug_info</name>
         <load_address>0x20fd</load_address>
         <run_address>0x20fd</run_address>
         <size>0x10f</size>
         <input_file_ref idref="fl-2f"/>
      </object_component>
      <object_component id="oc-b6">
         <name>.debug_info</name>
         <load_address>0x220c</load_address>
         <run_address>0x220c</run_address>
         <size>0x120</size>
         <input_file_ref idref="fl-30"/>
      </object_component>
      <object_component id="oc-239">
         <name>.debug_info</name>
         <load_address>0x232c</load_address>
         <run_address>0x232c</run_address>
         <size>0x126</size>
         <input_file_ref idref="fl-31"/>
      </object_component>
      <object_component id="oc-bc">
         <name>.debug_info</name>
         <load_address>0x2452</load_address>
         <run_address>0x2452</run_address>
         <size>0x120</size>
         <input_file_ref idref="fl-32"/>
      </object_component>
      <object_component id="oc-24d">
         <name>.debug_info</name>
         <load_address>0x2572</load_address>
         <run_address>0x2572</run_address>
         <size>0x120</size>
         <input_file_ref idref="fl-33"/>
      </object_component>
      <object_component id="oc-274">
         <name>.debug_info</name>
         <load_address>0x2692</load_address>
         <run_address>0x2692</run_address>
         <size>0x126</size>
         <input_file_ref idref="fl-33"/>
      </object_component>
      <object_component id="oc-b2">
         <name>.debug_info</name>
         <load_address>0x27b8</load_address>
         <run_address>0x27b8</run_address>
         <size>0x100</size>
         <input_file_ref idref="fl-34"/>
      </object_component>
      <object_component id="oc-101">
         <name>.debug_info</name>
         <load_address>0x28b8</load_address>
         <run_address>0x28b8</run_address>
         <size>0x17a</size>
         <input_file_ref idref="fl-34"/>
      </object_component>
      <object_component id="oc-291">
         <name>.debug_info</name>
         <load_address>0x2a32</load_address>
         <run_address>0x2a32</run_address>
         <size>0x3de</size>
         <input_file_ref idref="fl-35"/>
      </object_component>
      <object_component id="oc-1e6">
         <name>.debug_info</name>
         <load_address>0x2e10</load_address>
         <run_address>0x2e10</run_address>
         <size>0x1e0</size>
         <input_file_ref idref="fl-35"/>
      </object_component>
      <object_component id="oc-2f8">
         <name>.debug_info</name>
         <load_address>0x2ff0</load_address>
         <run_address>0x2ff0</run_address>
         <size>0x39</size>
         <input_file_ref idref="fl-35"/>
      </object_component>
      <object_component id="oc-309">
         <name>.debug_info</name>
         <load_address>0x3029</load_address>
         <run_address>0x3029</run_address>
         <size>0x2c</size>
         <input_file_ref idref="fl-35"/>
      </object_component>
      <object_component id="oc-29c">
         <name>.debug_info</name>
         <load_address>0x3055</load_address>
         <run_address>0x3055</run_address>
         <size>0x2c</size>
         <input_file_ref idref="fl-35"/>
      </object_component>
      <object_component id="oc-2fd">
         <name>.debug_info</name>
         <load_address>0x3081</load_address>
         <run_address>0x3081</run_address>
         <size>0xcd</size>
         <input_file_ref idref="fl-35"/>
      </object_component>
      <object_component id="oc-157">
         <name>.debug_info</name>
         <load_address>0x314e</load_address>
         <run_address>0x314e</run_address>
         <size>0x175</size>
         <input_file_ref idref="fl-36"/>
      </object_component>
      <object_component id="oc-ef">
         <name>.debug_info</name>
         <load_address>0x32c3</load_address>
         <run_address>0x32c3</run_address>
         <size>0x1d2</size>
         <input_file_ref idref="fl-36"/>
      </object_component>
      <object_component id="oc-152">
         <name>.debug_info</name>
         <load_address>0x3495</load_address>
         <run_address>0x3495</run_address>
         <size>0x46</size>
         <input_file_ref idref="fl-36"/>
      </object_component>
      <object_component id="oc-136">
         <name>.debug_info</name>
         <load_address>0x34db</load_address>
         <run_address>0x34db</run_address>
         <size>0x2c</size>
         <input_file_ref idref="fl-36"/>
      </object_component>
      <object_component id="oc-2c2">
         <name>.debug_info</name>
         <load_address>0x3507</load_address>
         <run_address>0x3507</run_address>
         <size>0x193</size>
         <input_file_ref idref="fl-39"/>
      </object_component>
      <object_component id="oc-15a">
         <name>.debug_info</name>
         <load_address>0x369a</load_address>
         <run_address>0x369a</run_address>
         <size>0x153</size>
         <input_file_ref idref="fl-3a"/>
      </object_component>
      <object_component id="oc-28e">
         <name>.debug_info</name>
         <load_address>0x37ed</load_address>
         <run_address>0x37ed</run_address>
         <size>0x150</size>
         <input_file_ref idref="fl-3b"/>
      </object_component>
      <object_component id="oc-db">
         <name>.debug_info</name>
         <load_address>0x393d</load_address>
         <run_address>0x393d</run_address>
         <size>0x180</size>
         <input_file_ref idref="fl-3c"/>
      </object_component>
      <object_component id="oc-3b">
         <name>.debug_info</name>
         <load_address>0x3abd</load_address>
         <run_address>0x3abd</run_address>
         <size>0x1ea</size>
         <input_file_ref idref="fl-3c"/>
      </object_component>
      <object_component id="oc-d6">
         <name>.debug_info</name>
         <load_address>0x3ca7</load_address>
         <run_address>0x3ca7</run_address>
         <size>0x46</size>
         <input_file_ref idref="fl-3c"/>
      </object_component>
      <object_component id="oc-13b">
         <name>.debug_info</name>
         <load_address>0x3ced</load_address>
         <run_address>0x3ced</run_address>
         <size>0x2c</size>
         <input_file_ref idref="fl-3c"/>
      </object_component>
      <object_component id="oc-133">
         <name>.debug_info</name>
         <load_address>0x3d19</load_address>
         <run_address>0x3d19</run_address>
         <size>0x176</size>
         <input_file_ref idref="fl-3d"/>
      </object_component>
      <object_component id="oc-35">
         <name>.debug_info</name>
         <load_address>0x3e8f</load_address>
         <run_address>0x3e8f</run_address>
         <size>0x292</size>
         <input_file_ref idref="fl-3d"/>
      </object_component>
      <object_component id="oc-c5">
         <name>.debug_info</name>
         <load_address>0x4121</load_address>
         <run_address>0x4121</run_address>
         <size>0x60</size>
         <input_file_ref idref="fl-3d"/>
      </object_component>
      <object_component id="oc-17b">
         <name>.debug_info</name>
         <load_address>0x4181</load_address>
         <run_address>0x4181</run_address>
         <size>0x46</size>
         <input_file_ref idref="fl-3d"/>
      </object_component>
      <object_component id="oc-12e">
         <name>.debug_info</name>
         <load_address>0x41c7</load_address>
         <run_address>0x41c7</run_address>
         <size>0x39</size>
         <input_file_ref idref="fl-3d"/>
      </object_component>
      <object_component id="oc-23c">
         <name>.debug_info</name>
         <load_address>0x4200</load_address>
         <run_address>0x4200</run_address>
         <size>0x165</size>
         <input_file_ref idref="fl-3e"/>
      </object_component>
      <object_component id="oc-1a5">
         <name>.debug_info</name>
         <load_address>0x4365</load_address>
         <run_address>0x4365</run_address>
         <size>0x208</size>
         <input_file_ref idref="fl-3e"/>
      </object_component>
      <object_component id="oc-246">
         <name>.debug_info</name>
         <load_address>0x456d</load_address>
         <run_address>0x456d</run_address>
         <size>0xdb</size>
         <input_file_ref idref="fl-3e"/>
      </object_component>
      <object_component id="oc-2d5">
         <name>.debug_info</name>
         <load_address>0x4648</load_address>
         <run_address>0x4648</run_address>
         <size>0x164</size>
         <input_file_ref idref="fl-3f"/>
      </object_component>
      <object_component id="oc-251">
         <name>.debug_info</name>
         <load_address>0x47ac</load_address>
         <run_address>0x47ac</run_address>
         <size>0x35e</size>
         <input_file_ref idref="fl-3f"/>
      </object_component>
      <object_component id="oc-25d">
         <name>.debug_info</name>
         <load_address>0x4b0a</load_address>
         <run_address>0x4b0a</run_address>
         <size>0x1af</size>
         <input_file_ref idref="fl-40"/>
      </object_component>
      <object_component id="oc-231">
         <name>.debug_info</name>
         <load_address>0x4cb9</load_address>
         <run_address>0x4cb9</run_address>
         <size>0x94</size>
         <input_file_ref idref="fl-40"/>
      </object_component>
      <object_component id="oc-245">
         <name>.debug_info</name>
         <load_address>0x4d4d</load_address>
         <run_address>0x4d4d</run_address>
         <size>0x165</size>
         <input_file_ref idref="fl-41"/>
      </object_component>
      <object_component id="oc-1b8">
         <name>.debug_info</name>
         <load_address>0x4eb2</load_address>
         <run_address>0x4eb2</run_address>
         <size>0x1d4</size>
         <input_file_ref idref="fl-41"/>
      </object_component>
      <object_component id="oc-1c2">
         <name>.debug_info</name>
         <load_address>0x5086</load_address>
         <run_address>0x5086</run_address>
         <size>0x171</size>
         <input_file_ref idref="fl-42"/>
      </object_component>
      <object_component id="oc-26b">
         <name>.debug_info</name>
         <load_address>0x51f7</load_address>
         <run_address>0x51f7</run_address>
         <size>0x1c0</size>
         <input_file_ref idref="fl-43"/>
      </object_component>
      <object_component id="oc-199">
         <name>.debug_info</name>
         <load_address>0x53b7</load_address>
         <run_address>0x53b7</run_address>
         <size>0x166</size>
         <input_file_ref idref="fl-44"/>
      </object_component>
      <object_component id="oc-2ac">
         <name>.debug_info</name>
         <load_address>0x551d</load_address>
         <run_address>0x551d</run_address>
         <size>0x16b</size>
         <input_file_ref idref="fl-45"/>
      </object_component>
      <object_component id="oc-220">
         <name>.debug_info</name>
         <load_address>0x5688</load_address>
         <run_address>0x5688</run_address>
         <size>0x1e3</size>
         <input_file_ref idref="fl-45"/>
      </object_component>
      <object_component id="oc-230">
         <name>.debug_info</name>
         <load_address>0x586b</load_address>
         <run_address>0x586b</run_address>
         <size>0x197</size>
         <input_file_ref idref="fl-46"/>
      </object_component>
      <object_component id="oc-1a0">
         <name>.debug_info</name>
         <load_address>0x5a02</load_address>
         <run_address>0x5a02</run_address>
         <size>0x2d2</size>
         <input_file_ref idref="fl-46"/>
      </object_component>
      <object_component id="oc-1da">
         <name>.debug_info</name>
         <load_address>0x5cd4</load_address>
         <run_address>0x5cd4</run_address>
         <size>0x122</size>
         <input_file_ref idref="fl-47"/>
      </object_component>
      <object_component id="oc-135">
         <name>.debug_info</name>
         <load_address>0x5df6</load_address>
         <run_address>0x5df6</run_address>
         <size>0x181</size>
         <input_file_ref idref="fl-4a"/>
      </object_component>
      <object_component id="oc-d3">
         <name>.debug_info</name>
         <load_address>0x5f77</load_address>
         <run_address>0x5f77</run_address>
         <size>0x17a</size>
         <input_file_ref idref="fl-4a"/>
      </object_component>
      <object_component id="oc-2d0">
         <name>.debug_info</name>
         <load_address>0x60f1</load_address>
         <run_address>0x60f1</run_address>
         <size>0x193</size>
         <input_file_ref idref="fl-4d"/>
      </object_component>
      <object_component id="oc-2b1">
         <name>.debug_info</name>
         <load_address>0x6284</load_address>
         <run_address>0x6284</run_address>
         <size>0x193</size>
         <input_file_ref idref="fl-4e"/>
      </object_component>
      <object_component id="oc-22a">
         <name>.debug_info</name>
         <load_address>0x6417</load_address>
         <run_address>0x6417</run_address>
         <size>0x239</size>
         <input_file_ref idref="fl-4f"/>
      </object_component>
      <object_component id="oc-2bb">
         <name>.debug_info</name>
         <load_address>0x6650</load_address>
         <run_address>0x6650</run_address>
         <size>0x139</size>
         <input_file_ref idref="fl-50"/>
      </object_component>
      <object_component id="oc-2b6">
         <name>.debug_info</name>
         <load_address>0x6789</load_address>
         <run_address>0x6789</run_address>
         <size>0x20b</size>
         <input_file_ref idref="fl-51"/>
      </object_component>
      <object_component id="oc-317">
         <name>.debug_info</name>
         <load_address>0x6994</load_address>
         <run_address>0x6994</run_address>
         <size>0x125</size>
         <input_file_ref idref="fl-52"/>
      </object_component>
      <object_component id="oc-312">
         <name>.debug_info</name>
         <load_address>0x6ab9</load_address>
         <run_address>0x6ab9</run_address>
         <size>0x121</size>
         <input_file_ref idref="fl-53"/>
      </object_component>
      <object_component id="oc-374">
         <name>.debug_info</name>
         <load_address>0x6bda</load_address>
         <run_address>0x6bda</run_address>
         <size>0x8e</size>
      </object_component>
      <object_component id="oc-187">
         <name>.debug_line</name>
         <load_address>0x0</load_address>
         <run_address>0x0</run_address>
         <size>0xc2</size>
         <input_file_ref idref="fl-2"/>
      </object_component>
      <object_component id="oc-185">
         <name>.debug_line</name>
         <load_address>0xc2</load_address>
         <run_address>0xc2</run_address>
         <size>0x2d</size>
         <input_file_ref idref="fl-2"/>
      </object_component>
      <object_component id="oc-270">
         <name>.debug_line</name>
         <load_address>0xef</load_address>
         <run_address>0xef</run_address>
         <size>0x2d</size>
         <input_file_ref idref="fl-2"/>
      </object_component>
      <object_component id="oc-1cf">
         <name>.debug_line</name>
         <load_address>0x11c</load_address>
         <run_address>0x11c</run_address>
         <size>0x63</size>
         <input_file_ref idref="fl-2"/>
      </object_component>
      <object_component id="oc-1d5">
         <name>.debug_line</name>
         <load_address>0x17f</load_address>
         <run_address>0x17f</run_address>
         <size>0x53</size>
         <input_file_ref idref="fl-2"/>
      </object_component>
      <object_component id="oc-192">
         <name>.debug_line</name>
         <load_address>0x1d2</load_address>
         <run_address>0x1d2</run_address>
         <size>0x46</size>
         <input_file_ref idref="fl-2"/>
      </object_component>
      <object_component id="oc-160">
         <name>.debug_line</name>
         <load_address>0x218</load_address>
         <run_address>0x218</run_address>
         <size>0x7e</size>
         <input_file_ref idref="fl-2"/>
      </object_component>
      <object_component id="oc-eb">
         <name>.debug_line</name>
         <load_address>0x296</load_address>
         <run_address>0x296</run_address>
         <size>0x4a</size>
         <input_file_ref idref="fl-2"/>
      </object_component>
      <object_component id="oc-e5">
         <name>.debug_line</name>
         <load_address>0x2e0</load_address>
         <run_address>0x2e0</run_address>
         <size>0x40</size>
         <input_file_ref idref="fl-2"/>
      </object_component>
      <object_component id="oc-18b">
         <name>.debug_line</name>
         <load_address>0x320</load_address>
         <run_address>0x320</run_address>
         <size>0x79</size>
         <input_file_ref idref="fl-2"/>
      </object_component>
      <object_component id="oc-cd">
         <name>.debug_line</name>
         <load_address>0x399</load_address>
         <run_address>0x399</run_address>
         <size>0x20</size>
         <input_file_ref idref="fl-2"/>
      </object_component>
      <object_component id="oc-21a">
         <name>.debug_line</name>
         <load_address>0x3b9</load_address>
         <run_address>0x3b9</run_address>
         <size>0x7d</size>
         <input_file_ref idref="fl-2"/>
      </object_component>
      <object_component id="oc-2de">
         <name>.debug_line</name>
         <load_address>0x436</load_address>
         <run_address>0x436</run_address>
         <size>0x20</size>
         <input_file_ref idref="fl-1d"/>
      </object_component>
      <object_component id="oc-1bc">
         <name>.debug_line</name>
         <load_address>0x456</load_address>
         <run_address>0x456</run_address>
         <size>0xae</size>
         <input_file_ref idref="fl-1d"/>
      </object_component>
      <object_component id="oc-2db">
         <name>.debug_line</name>
         <load_address>0x504</load_address>
         <run_address>0x504</run_address>
         <size>0x9a</size>
         <input_file_ref idref="fl-1d"/>
      </object_component>
      <object_component id="oc-265">
         <name>.debug_line</name>
         <load_address>0x59e</load_address>
         <run_address>0x59e</run_address>
         <size>0x97</size>
         <input_file_ref idref="fl-1d"/>
      </object_component>
      <object_component id="oc-228">
         <name>.debug_line</name>
         <load_address>0x635</load_address>
         <run_address>0x635</run_address>
         <size>0x4e</size>
         <input_file_ref idref="fl-1e"/>
      </object_component>
      <object_component id="oc-25a">
         <name>.debug_line</name>
         <load_address>0x683</load_address>
         <run_address>0x683</run_address>
         <size>0x3e</size>
         <input_file_ref idref="fl-1f"/>
      </object_component>
      <object_component id="oc-240">
         <name>.debug_line</name>
         <load_address>0x6c1</load_address>
         <run_address>0x6c1</run_address>
         <size>0x56</size>
         <input_file_ref idref="fl-1f"/>
      </object_component>
      <object_component id="oc-c1">
         <name>.debug_line</name>
         <load_address>0x717</load_address>
         <run_address>0x717</run_address>
         <size>0x40</size>
         <input_file_ref idref="fl-20"/>
      </object_component>
      <object_component id="oc-1b1">
         <name>.debug_line</name>
         <load_address>0x757</load_address>
         <run_address>0x757</run_address>
         <size>0x83</size>
         <input_file_ref idref="fl-21"/>
      </object_component>
      <object_component id="oc-14b">
         <name>.debug_line</name>
         <load_address>0x7da</load_address>
         <run_address>0x7da</run_address>
         <size>0x55</size>
         <input_file_ref idref="fl-22"/>
      </object_component>
      <object_component id="oc-1ae">
         <name>.debug_line</name>
         <load_address>0x82f</load_address>
         <run_address>0x82f</run_address>
         <size>0x5a</size>
         <input_file_ref idref="fl-23"/>
      </object_component>
      <object_component id="oc-e0">
         <name>.debug_line</name>
         <load_address>0x889</load_address>
         <run_address>0x889</run_address>
         <size>0x3d</size>
         <input_file_ref idref="fl-2f"/>
      </object_component>
      <object_component id="oc-b9">
         <name>.debug_line</name>
         <load_address>0x8c6</load_address>
         <run_address>0x8c6</run_address>
         <size>0x4e</size>
         <input_file_ref idref="fl-30"/>
      </object_component>
      <object_component id="oc-237">
         <name>.debug_line</name>
         <load_address>0x914</load_address>
         <run_address>0x914</run_address>
         <size>0x56</size>
         <input_file_ref idref="fl-31"/>
      </object_component>
      <object_component id="oc-be">
         <name>.debug_line</name>
         <load_address>0x96a</load_address>
         <run_address>0x96a</run_address>
         <size>0x5e</size>
         <input_file_ref idref="fl-32"/>
      </object_component>
      <object_component id="oc-24f">
         <name>.debug_line</name>
         <load_address>0x9c8</load_address>
         <run_address>0x9c8</run_address>
         <size>0x42</size>
         <input_file_ref idref="fl-33"/>
      </object_component>
      <object_component id="oc-272">
         <name>.debug_line</name>
         <load_address>0xa0a</load_address>
         <run_address>0xa0a</run_address>
         <size>0x65</size>
         <input_file_ref idref="fl-33"/>
      </object_component>
      <object_component id="oc-12a">
         <name>.debug_line</name>
         <load_address>0xa6f</load_address>
         <run_address>0xa6f</run_address>
         <size>0x2a</size>
         <input_file_ref idref="fl-34"/>
      </object_component>
      <object_component id="oc-100">
         <name>.debug_line</name>
         <load_address>0xa99</load_address>
         <run_address>0xa99</run_address>
         <size>0x46</size>
         <input_file_ref idref="fl-34"/>
      </object_component>
      <object_component id="oc-2f7">
         <name>.debug_line</name>
         <load_address>0xadf</load_address>
         <run_address>0xadf</run_address>
         <size>0xbf</size>
         <input_file_ref idref="fl-35"/>
      </object_component>
      <object_component id="oc-1e5">
         <name>.debug_line</name>
         <load_address>0xb9e</load_address>
         <run_address>0xb9e</run_address>
         <size>0x76</size>
         <input_file_ref idref="fl-35"/>
      </object_component>
      <object_component id="oc-2fb">
         <name>.debug_line</name>
         <load_address>0xc14</load_address>
         <run_address>0xc14</run_address>
         <size>0x2e</size>
         <input_file_ref idref="fl-35"/>
      </object_component>
      <object_component id="oc-30c">
         <name>.debug_line</name>
         <load_address>0xc42</load_address>
         <run_address>0xc42</run_address>
         <size>0x9a</size>
         <input_file_ref idref="fl-35"/>
      </object_component>
      <object_component id="oc-29f">
         <name>.debug_line</name>
         <load_address>0xcdc</load_address>
         <run_address>0xcdc</run_address>
         <size>0x97</size>
         <input_file_ref idref="fl-35"/>
      </object_component>
      <object_component id="oc-300">
         <name>.debug_line</name>
         <load_address>0xd73</load_address>
         <run_address>0xd73</run_address>
         <size>0x93</size>
         <input_file_ref idref="fl-35"/>
      </object_component>
      <object_component id="oc-18f">
         <name>.debug_line</name>
         <load_address>0xe06</load_address>
         <run_address>0xe06</run_address>
         <size>0x20</size>
         <input_file_ref idref="fl-36"/>
      </object_component>
      <object_component id="oc-ee">
         <name>.debug_line</name>
         <load_address>0xe26</load_address>
         <run_address>0xe26</run_address>
         <size>0x4a</size>
         <input_file_ref idref="fl-36"/>
      </object_component>
      <object_component id="oc-155">
         <name>.debug_line</name>
         <load_address>0xe70</load_address>
         <run_address>0xe70</run_address>
         <size>0x34</size>
         <input_file_ref idref="fl-36"/>
      </object_component>
      <object_component id="oc-139">
         <name>.debug_line</name>
         <load_address>0xea4</load_address>
         <run_address>0xea4</run_address>
         <size>0x92</size>
         <input_file_ref idref="fl-36"/>
      </object_component>
      <object_component id="oc-2bf">
         <name>.debug_line</name>
         <load_address>0xf36</load_address>
         <run_address>0xf36</run_address>
         <size>0x53</size>
         <input_file_ref idref="fl-39"/>
      </object_component>
      <object_component id="oc-15d">
         <name>.debug_line</name>
         <load_address>0xf89</load_address>
         <run_address>0xf89</run_address>
         <size>0x3e</size>
         <input_file_ref idref="fl-3a"/>
      </object_component>
      <object_component id="oc-28d">
         <name>.debug_line</name>
         <load_address>0xfc7</load_address>
         <run_address>0xfc7</run_address>
         <size>0x3a</size>
         <input_file_ref idref="fl-3b"/>
      </object_component>
      <object_component id="oc-141">
         <name>.debug_line</name>
         <load_address>0x1001</load_address>
         <run_address>0x1001</run_address>
         <size>0x20</size>
         <input_file_ref idref="fl-3c"/>
      </object_component>
      <object_component id="oc-3f">
         <name>.debug_line</name>
         <load_address>0x1021</load_address>
         <run_address>0x1021</run_address>
         <size>0x50</size>
         <input_file_ref idref="fl-3c"/>
      </object_component>
      <object_component id="oc-d9">
         <name>.debug_line</name>
         <load_address>0x1071</load_address>
         <run_address>0x1071</run_address>
         <size>0x3a</size>
         <input_file_ref idref="fl-3c"/>
      </object_component>
      <object_component id="oc-13e">
         <name>.debug_line</name>
         <load_address>0x10ab</load_address>
         <run_address>0x10ab</run_address>
         <size>0x92</size>
         <input_file_ref idref="fl-3c"/>
      </object_component>
      <object_component id="oc-181">
         <name>.debug_line</name>
         <load_address>0x113d</load_address>
         <run_address>0x113d</run_address>
         <size>0x20</size>
         <input_file_ref idref="fl-3d"/>
      </object_component>
      <object_component id="oc-39">
         <name>.debug_line</name>
         <load_address>0x115d</load_address>
         <run_address>0x115d</run_address>
         <size>0x92</size>
         <input_file_ref idref="fl-3d"/>
      </object_component>
      <object_component id="oc-c8">
         <name>.debug_line</name>
         <load_address>0x11ef</load_address>
         <run_address>0x11ef</run_address>
         <size>0x3a</size>
         <input_file_ref idref="fl-3d"/>
      </object_component>
      <object_component id="oc-17e">
         <name>.debug_line</name>
         <load_address>0x1229</load_address>
         <run_address>0x1229</run_address>
         <size>0x9a</size>
         <input_file_ref idref="fl-3d"/>
      </object_component>
      <object_component id="oc-131">
         <name>.debug_line</name>
         <load_address>0x12c3</load_address>
         <run_address>0x12c3</run_address>
         <size>0x96</size>
         <input_file_ref idref="fl-3d"/>
      </object_component>
      <object_component id="oc-2c9">
         <name>.debug_line</name>
         <load_address>0x1359</load_address>
         <run_address>0x1359</run_address>
         <size>0x20</size>
         <input_file_ref idref="fl-3e"/>
      </object_component>
      <object_component id="oc-1a9">
         <name>.debug_line</name>
         <load_address>0x1379</load_address>
         <run_address>0x1379</run_address>
         <size>0x74</size>
         <input_file_ref idref="fl-3e"/>
      </object_component>
      <object_component id="oc-249">
         <name>.debug_line</name>
         <load_address>0x13ed</load_address>
         <run_address>0x13ed</run_address>
         <size>0x2e</size>
         <input_file_ref idref="fl-3e"/>
      </object_component>
      <object_component id="oc-320">
         <name>.debug_line</name>
         <load_address>0x141b</load_address>
         <run_address>0x141b</run_address>
         <size>0x20</size>
         <input_file_ref idref="fl-3f"/>
      </object_component>
      <object_component id="oc-255">
         <name>.debug_line</name>
         <load_address>0x143b</load_address>
         <run_address>0x143b</run_address>
         <size>0x17f</size>
         <input_file_ref idref="fl-3f"/>
      </object_component>
      <object_component id="oc-25c">
         <name>.debug_line</name>
         <load_address>0x15ba</load_address>
         <run_address>0x15ba</run_address>
         <size>0x75</size>
         <input_file_ref idref="fl-40"/>
      </object_component>
      <object_component id="oc-234">
         <name>.debug_line</name>
         <load_address>0x162f</load_address>
         <run_address>0x162f</run_address>
         <size>0x2e</size>
         <input_file_ref idref="fl-40"/>
      </object_component>
      <object_component id="oc-2cc">
         <name>.debug_line</name>
         <load_address>0x165d</load_address>
         <run_address>0x165d</run_address>
         <size>0x20</size>
         <input_file_ref idref="fl-41"/>
      </object_component>
      <object_component id="oc-1b6">
         <name>.debug_line</name>
         <load_address>0x167d</load_address>
         <run_address>0x167d</run_address>
         <size>0x57</size>
         <input_file_ref idref="fl-41"/>
      </object_component>
      <object_component id="oc-1c6">
         <name>.debug_line</name>
         <load_address>0x16d4</load_address>
         <run_address>0x16d4</run_address>
         <size>0x3d</size>
         <input_file_ref idref="fl-42"/>
      </object_component>
      <object_component id="oc-26a">
         <name>.debug_line</name>
         <load_address>0x1711</load_address>
         <run_address>0x1711</run_address>
         <size>0x5c</size>
         <input_file_ref idref="fl-43"/>
      </object_component>
      <object_component id="oc-19d">
         <name>.debug_line</name>
         <load_address>0x176d</load_address>
         <run_address>0x176d</run_address>
         <size>0x3d</size>
         <input_file_ref idref="fl-44"/>
      </object_component>
      <object_component id="oc-30f">
         <name>.debug_line</name>
         <load_address>0x17aa</load_address>
         <run_address>0x17aa</run_address>
         <size>0x20</size>
         <input_file_ref idref="fl-45"/>
      </object_component>
      <object_component id="oc-222">
         <name>.debug_line</name>
         <load_address>0x17ca</load_address>
         <run_address>0x17ca</run_address>
         <size>0x71</size>
         <input_file_ref idref="fl-45"/>
      </object_component>
      <object_component id="oc-2c6">
         <name>.debug_line</name>
         <load_address>0x183b</load_address>
         <run_address>0x183b</run_address>
         <size>0x2d</size>
         <input_file_ref idref="fl-46"/>
      </object_component>
      <object_component id="oc-19f">
         <name>.debug_line</name>
         <load_address>0x1868</load_address>
         <run_address>0x1868</run_address>
         <size>0xf0</size>
         <input_file_ref idref="fl-46"/>
      </object_component>
      <object_component id="oc-1dd">
         <name>.debug_line</name>
         <load_address>0x1958</load_address>
         <run_address>0x1958</run_address>
         <size>0x3d</size>
         <input_file_ref idref="fl-47"/>
      </object_component>
      <object_component id="oc-183">
         <name>.debug_line</name>
         <load_address>0x1995</load_address>
         <run_address>0x1995</run_address>
         <size>0x20</size>
         <input_file_ref idref="fl-4a"/>
      </object_component>
      <object_component id="oc-d1">
         <name>.debug_line</name>
         <load_address>0x19b5</load_address>
         <run_address>0x19b5</run_address>
         <size>0x42</size>
         <input_file_ref idref="fl-4a"/>
      </object_component>
      <object_component id="oc-2cf">
         <name>.debug_line</name>
         <load_address>0x19f7</load_address>
         <run_address>0x19f7</run_address>
         <size>0x53</size>
         <input_file_ref idref="fl-4d"/>
      </object_component>
      <object_component id="oc-2b3">
         <name>.debug_line</name>
         <load_address>0x1a4a</load_address>
         <run_address>0x1a4a</run_address>
         <size>0x53</size>
         <input_file_ref idref="fl-4e"/>
      </object_component>
      <object_component id="oc-22d">
         <name>.debug_line</name>
         <load_address>0x1a9d</load_address>
         <run_address>0x1a9d</run_address>
         <size>0x65</size>
         <input_file_ref idref="fl-4f"/>
      </object_component>
      <object_component id="oc-2bd">
         <name>.debug_line</name>
         <load_address>0x1b02</load_address>
         <run_address>0x1b02</run_address>
         <size>0x4a</size>
         <input_file_ref idref="fl-50"/>
      </object_component>
      <object_component id="oc-2b8">
         <name>.debug_line</name>
         <load_address>0x1b4c</load_address>
         <run_address>0x1b4c</run_address>
         <size>0xa6</size>
         <input_file_ref idref="fl-51"/>
      </object_component>
      <object_component id="oc-31a">
         <name>.debug_line</name>
         <load_address>0x1bf2</load_address>
         <run_address>0x1bf2</run_address>
         <size>0x4b</size>
         <input_file_ref idref="fl-52"/>
      </object_component>
      <object_component id="oc-315">
         <name>.debug_line</name>
         <load_address>0x1c3d</load_address>
         <run_address>0x1c3d</run_address>
         <size>0x4b</size>
         <input_file_ref idref="fl-53"/>
      </object_component>
      <object_component id="oc-1d0">
         <name>.debug_frame</name>
         <load_address>0x0</load_address>
         <run_address>0x0</run_address>
         <size>0x64</size>
         <input_file_ref idref="fl-2"/>
      </object_component>
      <object_component id="oc-1d6">
         <name>.debug_frame</name>
         <load_address>0x64</load_address>
         <run_address>0x64</run_address>
         <size>0x3c</size>
         <input_file_ref idref="fl-2"/>
      </object_component>
      <object_component id="oc-196">
         <name>.debug_frame</name>
         <load_address>0xa0</load_address>
         <run_address>0xa0</run_address>
         <size>0x3c</size>
         <input_file_ref idref="fl-2"/>
      </object_component>
      <object_component id="oc-164">
         <name>.debug_frame</name>
         <load_address>0xdc</load_address>
         <run_address>0xdc</run_address>
         <size>0x4c</size>
         <input_file_ref idref="fl-2"/>
      </object_component>
      <object_component id="oc-ec">
         <name>.debug_frame</name>
         <load_address>0x128</load_address>
         <run_address>0x128</run_address>
         <size>0x64</size>
         <input_file_ref idref="fl-2"/>
      </object_component>
      <object_component id="oc-e6">
         <name>.debug_frame</name>
         <load_address>0x18c</load_address>
         <run_address>0x18c</run_address>
         <size>0x3c</size>
         <input_file_ref idref="fl-2"/>
      </object_component>
      <object_component id="oc-1bd">
         <name>.debug_frame</name>
         <load_address>0x1c8</load_address>
         <run_address>0x1c8</run_address>
         <size>0x78</size>
         <input_file_ref idref="fl-1d"/>
      </object_component>
      <object_component id="oc-104">
         <name>.debug_frame</name>
         <load_address>0x240</load_address>
         <run_address>0x240</run_address>
         <size>0x34</size>
         <input_file_ref idref="fl-34"/>
      </object_component>
      <object_component id="oc-1e9">
         <name>.debug_frame</name>
         <load_address>0x274</load_address>
         <run_address>0x274</run_address>
         <size>0x44</size>
         <input_file_ref idref="fl-35"/>
      </object_component>
      <object_component id="oc-f2">
         <name>.debug_frame</name>
         <load_address>0x2b8</load_address>
         <run_address>0x2b8</run_address>
         <size>0x3c</size>
         <input_file_ref idref="fl-36"/>
      </object_component>
      <object_component id="oc-2c1">
         <name>.debug_frame</name>
         <load_address>0x2f4</load_address>
         <run_address>0x2f4</run_address>
         <size>0x44</size>
         <input_file_ref idref="fl-39"/>
      </object_component>
      <object_component id="oc-15e">
         <name>.debug_frame</name>
         <load_address>0x338</load_address>
         <run_address>0x338</run_address>
         <size>0x3c</size>
         <input_file_ref idref="fl-3a"/>
      </object_component>
      <object_component id="oc-28b">
         <name>.debug_frame</name>
         <load_address>0x374</load_address>
         <run_address>0x374</run_address>
         <size>0x3c</size>
         <input_file_ref idref="fl-3b"/>
      </object_component>
      <object_component id="oc-3e">
         <name>.debug_frame</name>
         <load_address>0x3b0</load_address>
         <run_address>0x3b0</run_address>
         <size>0x3c</size>
         <input_file_ref idref="fl-3c"/>
      </object_component>
      <object_component id="oc-38">
         <name>.debug_frame</name>
         <load_address>0x3ec</load_address>
         <run_address>0x3ec</run_address>
         <size>0x48</size>
         <input_file_ref idref="fl-3d"/>
      </object_component>
      <object_component id="oc-1a8">
         <name>.debug_frame</name>
         <load_address>0x434</load_address>
         <run_address>0x434</run_address>
         <size>0x4c</size>
         <input_file_ref idref="fl-3e"/>
      </object_component>
      <object_component id="oc-254">
         <name>.debug_frame</name>
         <load_address>0x480</load_address>
         <run_address>0x480</run_address>
         <size>0x7c</size>
         <input_file_ref idref="fl-3f"/>
      </object_component>
      <object_component id="oc-260">
         <name>.debug_frame</name>
         <load_address>0x4fc</load_address>
         <run_address>0x4fc</run_address>
         <size>0x4c</size>
         <input_file_ref idref="fl-40"/>
      </object_component>
      <object_component id="oc-1b7">
         <name>.debug_frame</name>
         <load_address>0x548</load_address>
         <run_address>0x548</run_address>
         <size>0x48</size>
         <input_file_ref idref="fl-41"/>
      </object_component>
      <object_component id="oc-1c5">
         <name>.debug_frame</name>
         <load_address>0x590</load_address>
         <run_address>0x590</run_address>
         <size>0x40</size>
         <input_file_ref idref="fl-42"/>
      </object_component>
      <object_component id="oc-26d">
         <name>.debug_frame</name>
         <load_address>0x5d0</load_address>
         <run_address>0x5d0</run_address>
         <size>0x44</size>
         <input_file_ref idref="fl-43"/>
      </object_component>
      <object_component id="oc-19c">
         <name>.debug_frame</name>
         <load_address>0x614</load_address>
         <run_address>0x614</run_address>
         <size>0x3c</size>
         <input_file_ref idref="fl-44"/>
      </object_component>
      <object_component id="oc-21e">
         <name>.debug_frame</name>
         <load_address>0x650</load_address>
         <run_address>0x650</run_address>
         <size>0x44</size>
         <input_file_ref idref="fl-45"/>
      </object_component>
      <object_component id="oc-1a3">
         <name>.debug_frame</name>
         <load_address>0x694</load_address>
         <run_address>0x694</run_address>
         <size>0x68</size>
         <input_file_ref idref="fl-46"/>
      </object_component>
      <object_component id="oc-1d9">
         <name>.debug_frame</name>
         <load_address>0x6fc</load_address>
         <run_address>0x6fc</run_address>
         <size>0x3c</size>
         <input_file_ref idref="fl-47"/>
      </object_component>
      <object_component id="oc-d0">
         <name>.debug_frame</name>
         <load_address>0x738</load_address>
         <run_address>0x738</run_address>
         <size>0x3c</size>
         <input_file_ref idref="fl-4a"/>
      </object_component>
      <object_component id="oc-2d3">
         <name>.debug_frame</name>
         <load_address>0x774</load_address>
         <run_address>0x774</run_address>
         <size>0x44</size>
         <input_file_ref idref="fl-4d"/>
      </object_component>
      <object_component id="oc-2b0">
         <name>.debug_frame</name>
         <load_address>0x7b8</load_address>
         <run_address>0x7b8</run_address>
         <size>0x44</size>
         <input_file_ref idref="fl-4e"/>
      </object_component>
      <object_component id="oc-22e">
[...]
         <name>__mspabi_sral_6</name>
         <value>0xd728</value>
         <object_component_ref idref="oc-23f"/>
      </symbol>
      <symbol id="sm-15b">
         <name>__mspabi_sral_7</name>
         <value>0xd724</value>
         <object_component_ref idref="oc-23f"/>
      </symbol>
      <symbol id="sm-15c">
         <name>__mspabi_sral_4</name>
         <value>0xd730</value>
         <object_component_ref idref="oc-23f"/>
      </symbol>
      <symbol id="sm-15d">
         <name>__mspabi_sral_5</name>
         <value>0xd72c</value>
         <object_component_ref idref="oc-23f"/>
      </symbol>
      <symbol id="sm-15e">
         <name>__mspabi_sral_2</name>
         <value>0xd738</value>
         <object_component_ref idref="oc-23f"/>
      </symbol>
      <symbol id="sm-15f">
         <name>__mspabi_sral_3</name>
         <value>0xd734</value>
         <object_component_ref idref="oc-23f"/>
      </symbol>
      <symbol id="sm-160">
         <name>__mspabi_sral_1</name>
         <value>0xd73c</value>
         <object_component_ref idref="oc-23f"/>
      </symbol>
      <symbol id="sm-169">
         <name>__mspabi_func_epilog_2</name>
         <value>0xd962</value>
         <object_component_ref idref="oc-bf"/>
      </symbol>
      <symbol id="sm-16a">
         <name>__mspabi_func_epilog_3</name>
         <value>0xd960</value>
         <object_component_ref idref="oc-bf"/>
      </symbol>
      <symbol id="sm-16b">
         <name>__mspabi_func_epilog_1</name>
         <value>0xd964</value>
         <object_component_ref idref="oc-bf"/>
      </symbol>
      <symbol id="sm-16c">
         <name>__mspabi_func_epilog_6</name>
         <value>0xd95a</value>
         <object_component_ref idref="oc-bf"/>
      </symbol>
      <symbol id="sm-16d">
         <name>__mspabi_func_epilog_7</name>
         <value>0xd958</value>
         <object_component_ref idref="oc-bf"/>
      </symbol>
      <symbol id="sm-16e">
         <name>__mspabi_func_epilog_4</name>
         <value>0xd95e</value>
         <object_component_ref idref="oc-bf"/>
      </symbol>
      <symbol id="sm-16f">
         <name>__mspabi_func_epilog_5</name>
         <value>0xd95c</value>
         <object_component_ref idref="oc-bf"/>
      </symbol>
      <symbol id="sm-181">
         <name>__mspabi_divf</name>
         <value>0xd220</value>
         <object_component_ref idref="oc-1af"/>
      </symbol>
      <symbol id="sm-18e">
         <name>__mspabi_fltif</name>
         <value>0xd780</value>
         <object_component_ref idref="oc-14a"/>
      </symbol>
      <symbol id="sm-19d">
         <name>__mspabi_fixfu</name>
         <value>0xd638</value>
         <object_component_ref idref="oc-1aa"/>
      </symbol>
      <symbol id="sm-1a0">
         <name>__TI_int00</name>
         <value>0xffe0</value>
         <object_component_ref idref="oc-40"/>
      </symbol>
      <symbol id="sm-1a3">
         <name>__TI_int02</name>
         <value>0xffe4</value>
         <object_component_ref idref="oc-41"/>
      </symbol>
      <symbol id="sm-1a6">
         <name>__TI_int03</name>
         <value>0xffe6</value>
         <object_component_ref idref="oc-42"/>
      </symbol>
      <symbol id="sm-1a9">
         <name>__TI_int06</name>
         <value>0xffec</value>
         <object_component_ref idref="oc-44"/>
      </symbol>
      <symbol id="sm-1ac">
         <name>__TI_int07</name>
         <value>0xffee</value>
         <object_component_ref idref="oc-45"/>
      </symbol>
      <symbol id="sm-1af">
         <name>__TI_int08</name>
         <value>0xfff0</value>
         <object_component_ref idref="oc-46"/>
      </symbol>
      <symbol id="sm-1b2">
         <name>__TI_int09</name>
         <value>0xfff2</value>
         <object_component_ref idref="oc-47"/>
      </symbol>
      <symbol id="sm-1b5">
         <name>__TI_int10</name>
         <value>0xfff4</value>
         <object_component_ref idref="oc-48"/>
      </symbol>
      <symbol id="sm-1b8">
         <name>__TI_int11</name>
         <value>0xfff6</value>
         <object_component_ref idref="oc-49"/>
      </symbol>
      <symbol id="sm-1bb">
         <name>__TI_int13</name>
         <value>0xfffa</value>
         <object_component_ref idref="oc-4b"/>
      </symbol>
      <symbol id="sm-1be">
         <name>__TI_int14</name>
         <value>0xfffc</value>
         <object_component_ref idref="oc-4c"/>
      </symbol>
      <symbol id="sm-1c6">
         <name>__TI_ISR_TRAP</name>
         <value>0xd968</value>
         <object_component_ref idref="oc-dc"/>
      </symbol>
      <symbol id="sm-1ce">
         <name>__mspabi_slli</name>
         <value>0xd810</value>
         <object_component_ref idref="oc-b5"/>
      </symbol>
      <symbol id="sm-1cf">
         <name>__mspabi_slli_9</name>
         <value>0xd828</value>
         <object_component_ref idref="oc-b5"/>
      </symbol>
      <symbol id="sm-1d0">
         <name>__mspabi_slli_8</name>
         <value>0xd82a</value>
         <object_component_ref idref="oc-b5"/>
      </symbol>
      <symbol id="sm-1d1">
         <name>__mspabi_slli_7</name>
         <value>0xd82c</value>
         <object_component_ref idref="oc-b5"/>
      </symbol>
      <symbol id="sm-1d2">
         <name>__mspabi_slli_6</name>
         <value>0xd82e</value>
         <object_component_ref idref="oc-b5"/>
      </symbol>
      <symbol id="sm-1d3">
         <name>__mspabi_slli_5</name>
         <value>0xd830</value>
         <object_component_ref idref="oc-b5"/>
      </symbol>
      <symbol id="sm-1d4">
         <name>__mspabi_slli_4</name>
         <value>0xd832</value>
         <object_component_ref idref="oc-b5"/>
      </symbol>
      <symbol id="sm-1d5">
         <name>__mspabi_slli_3</name>
         <value>0xd834</value>
         <object_component_ref idref="oc-b5"/>
      </symbol>
      <symbol id="sm-1d6">
         <name>__mspabi_slli_2</name>
         <value>0xd836</value>
         <object_component_ref idref="oc-b5"/>
      </symbol>
      <symbol id="sm-1d7">
         <name>__mspabi_slli_1</name>
         <value>0xd838</value>
         <object_component_ref idref="oc-b5"/>
      </symbol>
      <symbol id="sm-1d8">
         <name>__mspabi_slli_15</name>
         <value>0xd81c</value>
         <object_component_ref idref="oc-b5"/>
      </symbol>
      <symbol id="sm-1d9">
         <name>__mspabi_slli_14</name>
         <value>0xd81e</value>
         <object_component_ref idref="oc-b5"/>
      </symbol>
      <symbol id="sm-1da">
         <name>__mspabi_slli_13</name>
         <value>0xd820</value>
         <object_component_ref idref="oc-b5"/>
      </symbol>
      <symbol id="sm-1db">
         <name>__mspabi_slli_12</name>
         <value>0xd822</value>
         <object_component_ref idref="oc-b5"/>
      </symbol>
      <symbol id="sm-1dc">
         <name>__mspabi_slli_11</name>
         <value>0xd824</value>
         <object_component_ref idref="oc-b5"/>
      </symbol>
      <symbol id="sm-1dd">
         <name>__mspabi_slli_10</name>
         <value>0xd826</value>
         <object_component_ref idref="oc-b5"/>
      </symbol>
      <symbol id="sm-1e5">
         <name>__mspabi_slll_9</name>
         <value>0xd75a</value>
         <object_component_ref idref="oc-236"/>
      </symbol>
      <symbol id="sm-1e6">
         <name>__mspabi_slll_8</name>
         <value>0xd75e</value>
         <object_component_ref idref="oc-236"/>
      </symbol>
      <symbol id="sm-1e7">
         <name>__mspabi_slll_7</name>
         <value>0xd762</value>
         <object_component_ref idref="oc-236"/>
      </symbol>
      <symbol id="sm-1e8">
         <name>__mspabi_slll_6</name>
         <value>0xd766</value>
         <object_component_ref idref="oc-236"/>
      </symbol>
      <symbol id="sm-1e9">
         <name>__mspabi_slll_5</name>
         <value>0xd76a</value>
         <object_component_ref idref="oc-236"/>
      </symbol>
      <symbol id="sm-1ea">
         <name>__mspabi_slll_4</name>
         <value>0xd76e</value>
         <object_component_ref idref="oc-236"/>
      </symbol>
      <symbol id="sm-1eb">
         <name>__mspabi_slll_3</name>
         <value>0xd772</value>
         <object_component_ref idref="oc-236"/>
      </symbol>
      <symbol id="sm-1ec">
         <name>__mspabi_slll_2</name>
         <value>0xd776</value>
         <object_component_ref idref="oc-236"/>
      </symbol>
      <symbol id="sm-1ed">
         <name>__mspabi_slll_1</name>
         <value>0xd77a</value>
         <object_component_ref idref="oc-236"/>
      </symbol>
      <symbol id="sm-1ee">
         <name>__mspabi_slll_15</name>
         <value>0xd742</value>
         <object_component_ref idref="oc-236"/>
      </symbol>
      <symbol id="sm-1ef">
         <name>__mspabi_slll_14</name>
         <value>0xd746</value>
         <object_component_ref idref="oc-236"/>
      </symbol>
      <symbol id="sm-1f0">
         <name>__mspabi_slll_13</name>
         <value>0xd74a</value>
         <object_component_ref idref="oc-236"/>
      </symbol>
      <symbol id="sm-1f1">
         <name>__mspabi_slll_12</name>
         <value>0xd74e</value>
         <object_component_ref idref="oc-236"/>
      </symbol>
      <symbol id="sm-1f2">
         <name>__mspabi_slll_11</name>
         <value>0xd752</value>
         <object_component_ref idref="oc-236"/>
      </symbol>
      <symbol id="sm-1f3">
         <name>__mspabi_slll_10</name>
         <value>0xd756</value>
         <object_component_ref idref="oc-236"/>
      </symbol>
      <symbol id="sm-1fb">
         <name>__mspabi_srli_8</name>
         <value>0xd586</value>
         <object_component_ref idref="oc-ba"/>
      </symbol>
      <symbol id="sm-1fc">
         <name>__mspabi_srli_9</name>
         <value>0xd582</value>
         <object_component_ref idref="oc-ba"/>
      </symbol>
      <symbol id="sm-1fd">
         <name>__mspabi_srli_6</name>
         <value>0xd58e</value>
         <object_component_ref idref="oc-ba"/>
      </symbol>
      <symbol id="sm-1fe">
         <name>__mspabi_srli_7</name>
         <value>0xd58a</value>
         <object_component_ref idref="oc-ba"/>
      </symbol>
      <symbol id="sm-1ff">
         <name>__mspabi_srli_4</name>
         <value>0xd596</value>
         <object_component_ref idref="oc-ba"/>
      </symbol>
      <symbol id="sm-200">
         <name>__mspabi_srli_5</name>
         <value>0xd592</value>
         <object_component_ref idref="oc-ba"/>
      </symbol>
      <symbol id="sm-201">
         <name>__mspabi_srli_2</name>
         <value>0xd59e</value>
         <object_component_ref idref="oc-ba"/>
      </symbol>
      <symbol id="sm-202">
         <name>__mspabi_srli_3</name>
         <value>0xd59a</value>
         <object_component_ref idref="oc-ba"/>
      </symbol>
      <symbol id="sm-203">
         <name>__mspabi_srli_1</name>
         <value>0xd5a2</value>
         <object_component_ref idref="oc-ba"/>
      </symbol>
      <symbol id="sm-204">
         <name>__mspabi_srli</name>
         <value>0xd55c</value>
         <object_component_ref idref="oc-ba"/>
      </symbol>
      <symbol id="sm-205">
         <name>__mspabi_srli_15</name>
         <value>0xd56a</value>
         <object_component_ref idref="oc-ba"/>
      </symbol>
      <symbol id="sm-206">
         <name>__mspabi_srli_14</name>
         <value>0xd56e</value>
         <object_component_ref idref="oc-ba"/>
      </symbol>
      <symbol id="sm-207">
         <name>__mspabi_srli_13</name>
         <value>0xd572</value>
         <object_component_ref idref="oc-ba"/>
      </symbol>
      <symbol id="sm-208">
         <name>__mspabi_srli_12</name>
         <value>0xd576</value>
         <object_component_ref idref="oc-ba"/>
      </symbol>
      <symbol id="sm-209">
         <name>__mspabi_srli_11</name>
         <value>0xd57a</value>
         <object_component_ref idref="oc-ba"/>
      </symbol>
      <symbol id="sm-20a">
         <name>__mspabi_srli_10</name>
         <value>0xd57e</value>
         <object_component_ref idref="oc-ba"/>
      </symbol>
      <symbol id="sm-21a">
         <name>__mspabi_srll_8</name>
         <value>0xd52a</value>
         <object_component_ref idref="oc-271"/>
      </symbol>
      <symbol id="sm-21b">
         <name>__mspabi_srll_9</name>
         <value>0xd524</value>
         <object_component_ref idref="oc-271"/>
      </symbol>
      <symbol id="sm-21c">
         <name>__mspabi_srll_6</name>
         <value>0xd536</value>
         <object_component_ref idref="oc-271"/>
      </symbol>
      <symbol id="sm-21d">
         <name>__mspabi_srll_7</name>
         <value>0xd530</value>
         <object_component_ref idref="oc-271"/>
      </symbol>
      <symbol id="sm-21e">
         <name>__mspabi_srll_4</name>
         <value>0xd542</value>
         <object_component_ref idref="oc-271"/>
      </symbol>
      <symbol id="sm-21f">
         <name>__mspabi_srll_5</name>
         <value>0xd53c</value>
         <object_component_ref idref="oc-271"/>
      </symbol>
      <symbol id="sm-220">
         <name>__mspabi_srll_2</name>
         <value>0xd54e</value>
         <object_component_ref idref="oc-271"/>
      </symbol>
      <symbol id="sm-221">
         <name>__mspabi_srll_3</name>
         <value>0xd548</value>
         <object_component_ref idref="oc-271"/>
      </symbol>
      <symbol id="sm-222">
         <name>__mspabi_srll_1</name>
         <value>0xd554</value>
         <object_component_ref idref="oc-271"/>
      </symbol>
      <symbol id="sm-223">
         <name>__mspabi_srll_15</name>
         <value>0xd500</value>
         <object_component_ref idref="oc-271"/>
      </symbol>
      <symbol id="sm-224">
         <name>__mspabi_srll_14</name>
         <value>0xd506</value>
         <object_component_ref idref="oc-271"/>
      </symbol>
      <symbol id="sm-225">
         <name>__mspabi_srll_13</name>
         <value>0xd50c</value>
         <object_component_ref idref="oc-271"/>
      </symbol>
      <symbol id="sm-226">
         <name>__mspabi_srll_12</name>
         <value>0xd512</value>
         <object_component_ref idref="oc-271"/>
      </symbol>
      <symbol id="sm-227">
         <name>__mspabi_srll_11</name>
         <value>0xd518</value>
         <object_component_ref idref="oc-271"/>
      </symbol>
      <symbol id="sm-228">
         <name>__mspabi_srll_10</name>
         <value>0xd51e</value>
         <object_component_ref idref="oc-271"/>
      </symbol>
      <symbol id="sm-229">
         <name>__mspabi_srll</name>
         <value>0xd924</value>
         <object_component_ref idref="oc-24b"/>
      </symbol>
      <symbol id="sm-239">
         <name>_stack</name>
         <value>0x3b0</value>
         <object_component_ref idref="oc-b1"/>
      </symbol>
      <symbol id="sm-23a">
         <name>_c_int00_noargs</name>
         <value>0xd8ca</value>
         <object_component_ref idref="oc-ff"/>
      </symbol>
      <symbol id="sm-23b">
         <name>_reset_vector</name>
         <value>0xfffe</value>
         <object_component_ref idref="oc-b4"/>
      </symbol>
      <symbol id="sm-25d">
         <name>__TI_auto_init_nobinit_nopinit</name>
         <value>0xd6c2</value>
         <object_component_ref idref="oc-1e4"/>
      </symbol>
      <symbol id="sm-275">
         <name>__TI_zero_init_nomemset</name>
         <value>0xd8fe</value>
         <object_component_ref idref="oc-ed"/>
      </symbol>
      <symbol id="sm-284">
         <name>__mspabi_srlll</name>
         <value>0xd5f2</value>
         <object_component_ref idref="oc-2be"/>
      </symbol>
      <symbol id="sm-28d">
         <name>_system_pre_init</name>
         <value>0xd97c</value>
         <object_component_ref idref="oc-159"/>
      </symbol>
      <symbol id="sm-296">
         <name>_system_post_cinit</name>
         <value>0xd982</value>
         <object_component_ref idref="oc-28a"/>
      </symbol>
      <symbol id="sm-2ac">
         <name>__TI_decompress_none</name>
         <value>0xd912</value>
         <object_component_ref idref="oc-3a"/>
      </symbol>
      <symbol id="sm-2cf">
         <name>__TI_decompress_lzss</name>
         <value>0xd346</value>
         <object_component_ref idref="oc-34"/>
      </symbol>
      <symbol id="sm-2e9">
         <name>__mspabi_cvtdf</name>
         <value>0xd16c</value>
         <object_component_ref idref="oc-1a4"/>
      </symbol>
      <symbol id="sm-323">
         <name>__mspabi_addd</name>
         <value>0xc000</value>
         <object_component_ref idref="oc-250"/>
      </symbol>
      <symbol id="sm-342">
         <name>__mspabi_cmpd</name>
         <value>0xd090</value>
         <object_component_ref idref="oc-25b"/>
      </symbol>
      <symbol id="sm-353">
         <name>__mspabi_cvtfd</name>
         <value>0xd434</value>
         <object_component_ref idref="oc-1b5"/>
      </symbol>
      <symbol id="sm-360">
         <name>__mspabi_fixdi</name>
         <value>0xd83c</value>
         <object_component_ref idref="oc-1c1"/>
      </symbol>
      <symbol id="sm-36f">
         <name>__mspabi_fixdli</name>
         <value>0xd3c2</value>
         <object_component_ref idref="oc-268"/>
      </symbol>
      <symbol id="sm-378">
         <name>__mspabi_fltud</name>
         <value>0xd970</value>
         <object_component_ref idref="oc-198"/>
      </symbol>
      <symbol id="sm-38d">
         <name>__mspabi_fltuld</name>
         <value>0xd2bc</value>
         <object_component_ref idref="oc-21d"/>
      </symbol>
      <symbol id="sm-3b3">
         <name>__mspabi_mpyd</name>
         <value>0xc736</value>
         <object_component_ref idref="oc-19e"/>
      </symbol>
      <symbol id="sm-3bd">
         <name>C$$EXIT</name>
         <value>0xd976</value>
         <object_component_ref idref="oc-1d8"/>
      </symbol>
      <symbol id="sm-3be">
         <name>abort</name>
         <value>0xd976</value>
         <object_component_ref idref="oc-1d8"/>
      </symbol>
      <symbol id="sm-3ce">
         <name>memcpy</name>
         <value>0xd936</value>
         <object_component_ref idref="oc-cf"/>
      </symbol>
      <symbol id="sm-3dd">
         <name>__mspabi_srall</name>
         <value>0xd5a8</value>
         <object_component_ref idref="oc-2ce"/>
      </symbol>
      <symbol id="sm-3ea">
         <name>__mspabi_sllll</name>
         <value>0xd67e</value>
         <object_component_ref idref="oc-2ae"/>
      </symbol>
      <symbol id="sm-3f5">
         <name>__TI_frcmpyd</name>
         <value>0xcbc6</value>
         <object_component_ref idref="oc-229"/>
      </symbol>
      <symbol id="sm-3fd">
         <name>__mspabi_mpyull_sw</name>
         <value>0xd8ac</value>
         <object_component_ref idref="oc-2b9"/>
      </symbol>
      <symbol id="sm-3fe">
         <name>__mspabi_mpyull</name>
         <value>0xd8ac</value>
         <object_component_ref idref="oc-2b9"/>
      </symbol>
      <symbol id="sm-406">
         <name>__mspabi_mpyll</name>
         <value>0xcf7c</value>
         <object_component_ref idref="oc-2b4"/>
      </symbol>
      <symbol id="sm-407">
         <name>__mspabi_mpyll_sw</name>
         <value>0xcf7c</value>
         <object_component_ref idref="oc-2b4"/>
      </symbol>
      <symbol id="sm-412">
         <name>__mspabi_mpyul_sw</name>
         <value>0xd88a</value>
         <object_component_ref idref="oc-316"/>
      </symbol>
      <symbol id="sm-413">
         <name>__mspabi_mpyul</name>
         <value>0xd88a</value>
         <object_component_ref idref="oc-316"/>
      </symbol>
      <symbol id="sm-41d">
         <name>__mspabi_mpyl_sw</name>
         <value>0xd864</value>
         <object_component_ref idref="oc-311"/>
      </symbol>
      <symbol id="sm-41e">
         <name>__mspabi_mpyl</name>
         <value>0xd864</value>
         <object_component_ref idref="oc-311"/>
      </symbol>
   </symbol_table>
   <title>Link successful</title>
</link_info>
